../Core/Src/main.c:110:6:HAL_UART_RxCpltCallback	16	static
../Core/Src/main.c:123:6:HAL_TIM_PeriodElapsedCallback	16	static
../Core/Src/main.c:170:6:execute_command	24	static
../Core/Src/main.c:191:6:set_servo_pwm	16	static
../Core/Src/main.c:196:6:start_pwm_update	24	static
../Core/Src/main.c:204:6:navigate_to_target	24	static
../Core/Src/main.c:243:6:adjust_rotation	24	static
../Core/Src/main.c:291:5:main	8	static
../Core/Src/main.c:368:6:SystemClock_Config	88	static
../Core/Src/main.c:418:6:Error_Handler	4	static,ignoring_inline_asm
